[brasserieboswell.com/index.html]
[backblue.gif]
[fade.gif]
[index.html]
[brasserieboswell.com/wp-content/uploads/2015/09/Boswell_Logo_verre_noir1.png]
[brasserieboswell.com/feed]
[brasserieboswell.com/comments/feed]
[maxcdn.bootstrapcdn.com/font-awesome/4.7.0/css/font-awesome.min.css]
[brasserieboswell.com/wp-includes/js/jquery/jqueryb8ff.js]
[brasserieboswell.com/wp-includes/js/jquery/jquery-migrate.min330a.js]
[brasserieboswell.com/wp-content/plugins/sitepress-multilingual-cms/templates/language-switchers/legacy-dropdown/script68b3.js]
[brasserieboswell.com/xmlrpc0db0.php]
[brasserieboswell.com/wp-json/index.html]
[brasserieboswell.com/wp-includes/wlwmanifest.xml]
[brasserieboswell.com/wp-json/oembed/1.0/embedd87a.json]
[brasserieboswell.com/wp-json/oembed/1.0/embed5195]
[a.mailmunch.co/app/v1/site.js]
[script.crazyegg.com/pages/scripts/0083/1817.js]
[brasserieboswell.com/wp-content/themes/redfolio/images/new/btn-menu.png]
[brasserieboswell.com/wp-content/themes/redfolio/images/new/btn-menu-close.png]
[brasserieboswell.com/wp-content/uploads/2019/01/header-1.jpg]
[brasserieboswell.com/wp-content/uploads/2019/03/Duo_tartare-768x545.jpg]
[brasserieboswell.com/wp-content/uploads/2019/03/Brasserie-768x565.jpg]
[brasserieboswell.com/wp-content/uploads/2019/03/Verres_degustation-768x565.jpg]
[brasserieboswell.com/wp-content/uploads/2019/03/Salade_betteraves-768x483.jpg]
[brasserieboswell.com/wp-content/uploads/2019/05/Poulet_frit2-768x545.jpg]
[brasserieboswell.com/wp-content/uploads/2019/01/event.jpg]
[brasserieboswell.com/wp-content/plugins/contact-form-7/includes/js/scripts3c21.js]
[brasserieboswell.com/wp-content/plugins/instagram-feed/js/sb-instagram.min3e5a.js]
[brasserieboswell.com/wp-includes/js/jquery/ui/core.mine899.js]
[brasserieboswell.com/wp-includes/js/jquery/ui/widget.mine899.js]
[brasserieboswell.com/wp-includes/js/jquery/ui/tabs.mine899.js]
[brasserieboswell.com/wp-content/themes/redfolio/js/jquery.queryloader25b0a.js]
[brasserieboswell.com/wp-content/themes/redfolio/js/jquery.waypoints1c12.js]
[brasserieboswell.com/wp-content/themes/redfolio/js/jquery.waypoints-sticky1c12.js]
[brasserieboswell.com/wp-content/themes/redfolio/js/jquery.neatshow62ea.js]
[brasserieboswell.com/wp-content/themes/redfolio/js/jquery.stellar3667.js]
[brasserieboswell.com/wp-content/themes/redfolio/js/jquery.parallaxc358.js]
[brasserieboswell.com/wp-content/themes/redfolio/js/jquery.prettyphotoc6bd.js]
[brasserieboswell.com/wp-content/themes/redfolio/js/jquery.easing4e44.js]
[brasserieboswell.com/wp-content/themes/redfolio/js/jquery.superfishb493.js]
[brasserieboswell.com/wp-content/themes/redfolio/js/jquery.lazyload.minc801.js]
[brasserieboswell.com/wp-content/themes/redfolio/js/jquery.isotopedc81.js]
[brasserieboswell.com/wp-content/themes/redfolio/js/jquery.fittext4963.js]
[brasserieboswell.com/wp-content/themes/redfolio/js/jquery.fitvids4963.js]
[brasserieboswell.com/wp-content/themes/redfolio/js/jquery.selectboxac28.js]
[brasserieboswell.com/wp-content/themes/redfolio/js/scripts2ee8.js]
[brasserieboswell.com/wp-content/themes/redfolio/vendor/slick/slick.minac28.js]
[brasserieboswell.com/wp-content/themes/redfolio/vendor/googlemap-managerac28.js]
[brasserieboswell.com/wp-content/themes/redfolio/vendor/instafeed.minac28.js]
[brasserieboswell.com/wp-includes/js/comment-reply.min5560.js]
[brasserieboswell.com/wp-includes/js/wp-embed.min5560.js]
[brasserieboswell.com/index.html]
[brasserieboswell.com/xmlrpc.php]
[brasserieboswell.com/wp-includes/css/dist/block-library/style.min5560.css]
[brasserieboswell.com/wp-content/plugins/contact-form-7/images/ajax-loader.gif]
[brasserieboswell.com/wp-content/plugins/contact-form-7/includes/css/styles3c21.css]
[brasserieboswell.com/wp-content/plugins/instagram-feed/img/small-logo.png]
[brasserieboswell.com/wp-content/plugins/instagram-feed/css/sb-instagram.min3e5a.css]
[maxcdn.bootstrapcdn.com/font-awesome/4.7.0/css/font-awesome.min.css]
[brasserieboswell.com/wp-content/plugins/sitepress-multilingual-cms/templates/language-switchers/legacy-dropdown/style68b3.css]
[brasserieboswell.com/wp-content/themes/redfolio/vendor/bootstrap/css/bootstrap.min2ee8.css]
[brasserieboswell.com/wp-content/themes/redfolio/fonts/lato/lato-light-webfont.woff]
[brasserieboswell.com/wp-content/themes/redfolio/fonts/lato/lato-lightitalic-webfont.woff]
[brasserieboswell.com/wp-content/themes/redfolio/fonts/lato/lato-regular-webfont.woff]
[brasserieboswell.com/wp-content/themes/redfolio/fonts/lato/lato-italic-webfont.woff]
[brasserieboswell.com/wp-content/themes/redfolio/fonts/lato/lato-bold-webfont.woff2]
[brasserieboswell.com/wp-content/themes/redfolio/fonts/lato/lato-bold-webfont.woff]
[brasserieboswell.com/wp-content/themes/redfolio/fonts/lato/lato-bolditalic-webfont.woff]
[brasserieboswell.com/wp-content/themes/redfolio/fonts/lato/lato-black-webfont.woff]
[brasserieboswell.com/wp-content/themes/redfolio/fonts/lato/lato-blackitalic-webfont.woff2]
[brasserieboswell.com/wp-content/themes/redfolio/fonts/lato/lato-blackitalic-webfont.woff]
[brasserieboswell.com/wp-content/themes/redfolio/fonts/signikanegative/signikanegative-light-webfont.woff]
[brasserieboswell.com/wp-content/themes/redfolio/fonts/signikanegative/signikanegative-regular-webfont.woff]
[brasserieboswell.com/wp-content/themes/redfolio/fonts/signikanegative/signikanegative-bold-webfont.woff]
[brasserieboswell.com/wp-content/themes/redfolio/fonts/signikanegative/signikanegative-semibold-webfont.woff]
[brasserieboswell.com/wp-content/themes/redfolio/images/new/select-arrow.png]
[brasserieboswell.com/wp-content/themes/redfolio/images/new/bg-drink.png]
[brasserieboswell.com/wp-content/themes/redfolio/images/new/bg-drink-vertical.png]
[brasserieboswell.com/wp-content/themes/redfolio/images/new/bg-food.png]
[brasserieboswell.com/wp-content/themes/redfolio/images/new/bg-food-vertical.png]
[brasserieboswell.com/wp-content/themes/redfolio/style5560.css]
[brasserieboswell.com/wp-content/themes/redfolio/vendor/slick/slick2ee8.css]
[brasserieboswell.com/wp-content/themes/redfolio/vendor/slick/ajax-loader.gif]
[brasserieboswell.com/wp-content/themes/redfolio/vendor/slick/fonts/slick.eot]
[brasserieboswell.com/wp-content/themes/redfolio/vendor/slick/fonts/slickd41d.eot]
[brasserieboswell.com/wp-content/themes/redfolio/vendor/slick/fonts/slick.woff]
[brasserieboswell.com/wp-content/themes/redfolio/vendor/slick/fonts/slick.ttf]
[brasserieboswell.com/wp-content/themes/redfolio/vendor/slick/slick-theme2ee8.css]
[brasserieboswell.com/wp-content/themes/redfolio/fonts/fontawesome-free-5.6.3-web/webfonts/fa-brands-400.eot]
[brasserieboswell.com/wp-content/themes/redfolio/fonts/fontawesome-free-5.6.3-web/webfonts/fa-brands-400d41d.eot]
[brasserieboswell.com/wp-content/themes/redfolio/fonts/fontawesome-free-5.6.3-web/webfonts/fa-brands-400.woff]
[brasserieboswell.com/wp-content/themes/redfolio/fonts/fontawesome-free-5.6.3-web/webfonts/fa-brands-400.ttf]
[brasserieboswell.com/wp-content/themes/redfolio/fonts/fontawesome-free-5.6.3-web/webfonts/fa-regular-400.eot]
[brasserieboswell.com/wp-content/themes/redfolio/fonts/fontawesome-free-5.6.3-web/webfonts/fa-regular-400d41d.eot]
[brasserieboswell.com/wp-content/themes/redfolio/fonts/fontawesome-free-5.6.3-web/webfonts/fa-regular-400.woff]
[brasserieboswell.com/wp-content/themes/redfolio/fonts/fontawesome-free-5.6.3-web/webfonts/fa-regular-400.ttf]
[brasserieboswell.com/wp-content/themes/redfolio/fonts/fontawesome-free-5.6.3-web/webfonts/fa-solid-900.eot]
[brasserieboswell.com/wp-content/themes/redfolio/fonts/fontawesome-free-5.6.3-web/webfonts/fa-solid-900d41d.eot]
[brasserieboswell.com/wp-content/themes/redfolio/fonts/fontawesome-free-5.6.3-web/webfonts/fa-solid-900.woff2]
[brasserieboswell.com/wp-content/themes/redfolio/fonts/fontawesome-free-5.6.3-web/webfonts/fa-solid-900.woff]
[brasserieboswell.com/wp-content/themes/redfolio/fonts/fontawesome-free-5.6.3-web/webfonts/fa-solid-900.ttf]
[brasserieboswell.com/wp-content/themes/redfolio/fonts/fontawesome-free-5.6.3-web/css/all.min2ee8.css]
[brasserieboswell.com/wp-includes/fonts/dashicons.eot]
[brasserieboswell.com/wp-includes/css/dashicons.min5560.css]
[brasserieboswell.com/wp-content/themes/redfolio/images/prettyPhoto/default/sprite.png]
[brasserieboswell.com/wp-content/themes/redfolio/images/prettyPhoto/default/sprite_x.png]
[brasserieboswell.com/wp-content/themes/redfolio/images/prettyPhoto/default/sprite_y.png]
[brasserieboswell.com/wp-content/themes/redfolio/images/prettyPhoto/default/sprite_next.png]
[brasserieboswell.com/wp-content/themes/redfolio/images/prettyPhoto/default/sprite_prev.png]
[brasserieboswell.com/wp-content/themes/redfolio/images/prettyPhoto/default/default_thumb.png]
[brasserieboswell.com/wp-content/themes/redfolio/images/prettyPhoto/default/loader.gif]
[brasserieboswell.com/wp-content/themes/redfolio/images/prettyPhoto/light_rounded/sprite.png]
[brasserieboswell.com/wp-content/themes/redfolio/images/prettyPhoto/light_rounded/btnNext.png]
[brasserieboswell.com/wp-content/themes/redfolio/images/prettyPhoto/light_rounded/btnPrevious.png]
[brasserieboswell.com/wp-content/themes/redfolio/images/prettyPhoto/dark_rounded/sprite.png]
[brasserieboswell.com/wp-content/themes/redfolio/images/prettyPhoto/dark_rounded/contentPattern.png]
[brasserieboswell.com/wp-content/themes/redfolio/images/prettyPhoto/dark_rounded/btnNext.png]
[brasserieboswell.com/wp-content/themes/redfolio/images/prettyPhoto/dark_rounded/btnPrevious.png]
[brasserieboswell.com/wp-content/themes/redfolio/images/prettyPhoto/dark_rounded/loader.gif]
[brasserieboswell.com/wp-content/themes/redfolio/images/prettyPhoto/dark_square/loader.gif]
[brasserieboswell.com/wp-content/themes/redfolio/images/prettyPhoto/dark_square/sprite.png]
[brasserieboswell.com/wp-content/themes/redfolio/images/prettyPhoto/dark_square/btnNext.png]
[brasserieboswell.com/wp-content/themes/redfolio/images/prettyPhoto/dark_square/btnPrevious.png]
[brasserieboswell.com/wp-content/themes/redfolio/images/prettyPhoto/light_square/sprite.png]
[brasserieboswell.com/wp-content/themes/redfolio/images/prettyPhoto/light_square/btnNext.png]
[brasserieboswell.com/wp-content/themes/redfolio/images/prettyPhoto/light_square/btnPrevious.png]
[brasserieboswell.com/wp-content/themes/redfolio/images/prettyPhoto/facebook/sprite.png]
[brasserieboswell.com/wp-content/themes/redfolio/images/prettyPhoto/facebook/contentPatternTop.png]
[brasserieboswell.com/wp-content/themes/redfolio/images/prettyPhoto/facebook/contentPatternLeft.png]
[brasserieboswell.com/wp-content/themes/redfolio/images/prettyPhoto/facebook/contentPatternRight.png]
[brasserieboswell.com/wp-content/themes/redfolio/images/prettyPhoto/facebook/loader.gif]
[brasserieboswell.com/wp-content/themes/redfolio/images/prettyPhoto/facebook/btnNext.png]
[brasserieboswell.com/wp-content/themes/redfolio/images/prettyPhoto/facebook/btnPrevious.png]
[brasserieboswell.com/wp-content/themes/redfolio/images/prettyPhoto/facebook/contentPatternBottom.png]
[brasserieboswell.com/wp-content/themes/redfolio/images/prettyPhoto/facebook/default_thumbnail.gif]
[brasserieboswell.com/wp-content/themes/redfolio/images/prettyPhoto/light_rounded/loader.gif]
[brasserieboswell.com/wp-content/themes/redfolio/images/loader.gif]
[brasserieboswell.com/wp-content/themes/redfolio/css/prettyphoto2ee8.css]
[brasserieboswell.com/wp-content/themes/redfolio/images/toggle2.png]
[brasserieboswell.com/wp-content/themes/redfolio/css/shortcodes2ee8.css]
[script.crazyegg.com/pages/scripts/0083/1817.js]
[brasserieboswell.com/wp-content/themes/redfolio/images/new/logo.svg]
[brasserieboswell.com/wp-content/themes/redfolio/fonts/lato/lato-light-webfont.html]
[brasserieboswell.com/wp-content/themes/redfolio/fonts/lato/lato-lightitalic-webfont.html]
[brasserieboswell.com/wp-content/themes/redfolio/fonts/lato/lato-regular-webfont.html]
[brasserieboswell.com/wp-content/themes/redfolio/fonts/lato/lato-italic-webfont.html]
[brasserieboswell.com/wp-content/themes/redfolio/fonts/lato/lato-bold-webfont.html]
[brasserieboswell.com/wp-content/themes/redfolio/fonts/lato/lato-bold-webfont-2.html]
[brasserieboswell.com/wp-content/themes/redfolio/fonts/lato/lato-bolditalic-webfont.html]
[brasserieboswell.com/wp-content/themes/redfolio/fonts/lato/lato-black-webfont.html]
[brasserieboswell.com/wp-content/themes/redfolio/fonts/lato/lato-blackitalic-webfont.html]
[brasserieboswell.com/wp-content/themes/redfolio/fonts/signikanegative/signikanegative-light-webfont.html]
[brasserieboswell.com/wp-content/themes/redfolio/fonts/signikanegative/signikanegative-regular-webfont.html]
[brasserieboswell.com/wp-content/themes/redfolio/fonts/signikanegative/signikanegative-bold-webfont.html]
[brasserieboswell.com/wp-content/themes/redfolio/fonts/signikanegative/signikanegative-semibold-webfont.html]
[brasserieboswell.com/wp-content/themes/redfolio/vendor/slick/fonts/slick.svg]
[brasserieboswell.com/wp-content/themes/redfolio/fonts/fontawesome-free-5.6.3-web/webfonts/fa-brands-400.html]
[brasserieboswell.com/wp-content/themes/redfolio/fonts/fontawesome-free-5.6.3-web/webfonts/fa-brands-400.svg]
[brasserieboswell.com/wp-content/themes/redfolio/fonts/fontawesome-free-5.6.3-web/webfonts/fa-regular-400.html]
[brasserieboswell.com/wp-content/themes/redfolio/fonts/fontawesome-free-5.6.3-web/webfonts/fa-regular-400.svg]
[brasserieboswell.com/wp-content/themes/redfolio/fonts/fontawesome-free-5.6.3-web/webfonts/fa-solid-900.html]
[brasserieboswell.com/wp-content/themes/redfolio/fonts/fontawesome-free-5.6.3-web/webfonts/fa-solid-900.svg]
